../Core/Src/main.c:118:5:main	8	static
../Core/Src/main.c:201:6:SystemClock_Config	96	static
../Core/Src/main.c:247:6:HAL_GPIO_EXTI_Callback	16	static
../Core/Src/main.c:268:6:stateNULL	8	static
../Core/Src/main.c:290:6:stateBALANCE	8	static
../Core/Src/main.c:311:6:stateENCODER	8	static
../Core/Src/main.c:364:6:stateIMU	16	static
../Core/Src/main.c:409:6:stateHOME	8	static
../Core/Src/main.c:446:6:stateEEPROM	8	static
../Core/Src/main.c:495:6:stateKP	8	static
../Core/Src/main.c:528:6:stateKI	8	static
../Core/Src/main.c:561:6:stateKD	8	static
../Core/Src/main.c:593:6:setMotors	40	static
../Core/Src/main.c:625:6:map	24	static
../Core/Src/main.c:634:6:Error_Handler	4	static,ignoring_inline_asm
