../Core/Src/main.c:185:5:main	8	static
../Core/Src/main.c:309:6:SystemClock_Config	96	static
../Core/Src/main.c:355:6:stateNULL	8	static
../Core/Src/main.c:382:6:stateBALANCE	16	static
../Core/Src/main.c:432:6:stateENCODER	8	static
../Core/Src/main.c:513:6:stateIMU	16	static
../Core/Src/main.c:556:6:stateEEPROM	8	static
../Core/Src/main.c:589:6:stateHOME	8	static
../Core/Src/main.c:626:6:stateREG	16	static
../Core/Src/main.c:661:6:stateKP	16	static
../Core/Src/main.c:698:6:stateKI	16	static
../Core/Src/main.c:736:6:stateKD	16	static
../Core/Src/main.c:774:6:stateINT	16	static
../Core/Src/main.c:811:6:stateTRG	16	static
../Core/Src/main.c:849:6:store_data_in_memory	8	static
../Core/Src/main.c:867:6:restore_data_from_memory	8	static
../Core/Src/main.c:888:6:lcd_send_arrows_to_sides	8	static
../Core/Src/main.c:902:6:setMotors	32	static
../Core/Src/main.c:948:6:map	24	static
../Core/Src/main.c:960:8:constrain	32	static
../Core/Src/main.c:984:8:PID	56	static
../Core/Src/main.c:995:6:HAL_TIM_PeriodElapsedCallback	16	static
../Core/Src/main.c:1002:6:HAL_GPIO_EXTI_Callback	16	static
../Core/Src/main.c:1031:6:Error_Handler	8	static,ignoring_inline_asm
