../Core/Src/main.c:165:5:main	8	static
../Core/Src/main.c:285:6:SystemClock_Config	96	static
../Core/Src/main.c:331:6:stateNULL	8	static
../Core/Src/main.c:358:6:stateBALANCE	16	static
../Core/Src/main.c:405:6:stateENCODER	8	static
../Core/Src/main.c:486:6:stateIMU	16	static
../Core/Src/main.c:529:6:stateEEPROM	8	static
../Core/Src/main.c:559:6:stateHOME	8	static
../Core/Src/main.c:596:6:stateREG	16	static
../Core/Src/main.c:631:6:stateKP	16	static
../Core/Src/main.c:668:6:stateKI	16	static
../Core/Src/main.c:706:6:stateKD	16	static
../Core/Src/main.c:744:6:stateINT	16	static
../Core/Src/main.c:781:6:stateTRG	16	static
../Core/Src/main.c:822:6:lcd_send_arrows_to_sides	8	static
../Core/Src/main.c:836:6:setMotors	32	static
../Core/Src/main.c:882:6:map	24	static
../Core/Src/main.c:894:8:constrain	32	static
../Core/Src/main.c:918:8:PID	48	static
../Core/Src/main.c:928:6:HAL_TIM_PeriodElapsedCallback	16	static
../Core/Src/main.c:935:6:HAL_GPIO_EXTI_Callback	16	static
../Core/Src/main.c:964:6:Error_Handler	8	static,ignoring_inline_asm
